// Vitest Snapshot v1, https://vitest.dev/guide/snapshot.html

exports[`UnknownFlowArgTypesError > should correctly handle error with Flow convertSig > There was a failure when generating ArgTypes 
in Typescript for {"name":"signature","raw":"SomeType['someProperty']"}
This type is either not supported or it is a bug in Storybook.
If you think this is a bug, please open an issue in Github. 1`] = `
"There was a failure when generating ArgTypes in Typescript for {"name":"signature","raw":"SomeType['someProperty']"}.
This type is either not supported or it is a bug in Storybook.
If you think this is a bug, please open an issue in Github."
`;
